{
  "spec_summary": {
    "val_tasks": null,
    "num_trials": 1,
    "max_iterations": 1,
    "optimizer_model": "",
    "runner_model": null
  },
  "calls": {
    "metric_calls": null,
    "optimizer_calls": 1
  },
  "budget": {
    "max_usd": 50.0,
    "max_optimizer_usd": 20.0,
    "max_metric_calls": 0
  },
  "dominant_cost_knob": "max_iterations (\u00d7 val \u00d7 trials drives runner calls)",
  "cost_usd": null,
  "note": "no pricing available \u2014 showing call counts only. Pass --price-in/--price-out (your model's $/MTok), or run once so future estimates calibrate from real spend."
}
