→ batching 10 task(s) against /Users/boazc/workarea/Python/skillberry_ai/cap-evolve-worktrees/parsec-intake_v2/.capevolve/project/seed_capability
→ single harbor run · HARBOR_PARALLEL=4

harbor run complete in 395.3s (6.6 min)

task                               reward   comp   traj  assert  status
------------------------------------------------------------------------------
bench-aap2-001-single-job-outcome    0.267    1.0      -       -  ok
bench-aap2-002-failed-jobs-on-controller    0.000    1.0      -       -  ok
bench-aap2-003-never-started-explanation    0.400    1.0      -       -  ok
bench-aap2-004-failing-task-and-host    0.000    1.0      -       -  ok
bench-aap2-005-find-then-diagnose    0.000    1.0      -       -  ok
bench-aap2-006-log-root-cause       0.000    1.0      -       -  ok
bench-aap2-007-count-and-oldest     0.000    1.0      -       -  ok
bench-aap2-008-preceding-task       0.000    1.0      -       -  ok
bench-aap2-009-nonexistent-job      0.000    1.0      -       -  ok
bench-aap2-010-log-does-not-say     0.200    1.0      -       -  ok
------------------------------------------------------------------------------
MEAN                                0.087
STDEV                               0.148
MIN / MAX                           0.000 / 0.400
COUNT ok / err                         10 / 0
WALL CLOCK                          395.3s (6.6 min)

reward distribution:
        0.00    7  ███████
   0.01-0.24    1  █
   0.25-0.49    2  ██
   0.50-0.74    0  
   0.75-0.99    0  
        1.00    0  

raw: /Users/boazc/workarea/Python/skillberry_ai/cap-evolve-worktrees/parsec-intake_v2/.capevolve/project/baseline_all_1786651164.json
