→ batching 10 task(s) against /Users/boazc/workarea/Python/skillberry_ai/cap-evolve-worktrees/parsec-intake_v2/.capevolve/project/seed_capability
→ single harbor run · HARBOR_PARALLEL=4

harbor run complete in 473.0s (7.9 min)

task                               reward   comp   traj  assert  status
------------------------------------------------------------------------------
bench-aap2-001-single-job-outcome    1.000    1.0      -       -  ok
bench-aap2-002-failed-jobs-on-controller    1.000    1.0      -       -  ok
bench-aap2-003-never-started-explanation    1.000    1.0      -       -  ok
bench-aap2-004-failing-task-and-host    1.000    1.0      -       -  ok
bench-aap2-005-find-then-diagnose    1.000    1.0      -       -  ok
bench-aap2-006-log-root-cause       1.000    1.0      -       -  ok
bench-aap2-007-count-and-oldest     0.500    1.0      -       -  ok
bench-aap2-008-preceding-task       1.000    1.0      -       -  ok
bench-aap2-009-nonexistent-job      0.800    1.0      -       -  ok
bench-aap2-010-log-does-not-say     0.800    1.0      -       -  ok
------------------------------------------------------------------------------
MEAN                                0.910
STDEV                               0.166
MIN / MAX                           0.500 / 1.000
COUNT ok / err                         10 / 0
WALL CLOCK                          473.0s (7.9 min)

reward distribution:
        0.00    0  
   0.01-0.24    0  
   0.25-0.49    0  
   0.50-0.74    1  █
   0.75-0.99    2  ██
        1.00    7  ███████

raw: /Users/boazc/workarea/Python/skillberry_ai/cap-evolve-worktrees/parsec-intake_v2/.capevolve/project/baseline_all_1786875106.json
